<html>
<body>
<pre>
<h1>µVision Build Log</h1>
<h2>Tool Versions:</h2>
IDE-Version: µVision V5.43.1.0
Copyright (C) 2025 ARM Ltd and ARM Germany GmbH. All rights reserved.
License Information: MD.Jahidul Islam, University of Dhaka, LIC=----
 
Tool Versions:
Toolchain:       MDK-Lite  Version: 5.43.0.0
Toolchain Path:  C:\Users\mdjah\AppData\Local\Keil_v5\ARM\ARMCLANG\Bin
C Compiler:      ArmClang.exe V6.24
Assembler:       Armasm.exe V6.24
Linker/Locator:  ArmLink.exe V6.24
Library Manager: ArmAr.exe V6.24
Hex Converter:   FromElf.exe V6.24
CPU DLL:         SARMCM3.DLL V5.43.0.0
Dialog DLL:      DCM.DLL V1.17.5.0
Target DLL:      UL2CM3.DLL V1.164.16.0
Dialog DLL:      TCM.DLL V1.56.6.0
 
<h2>Project:</h2>
C:\Users\mdjah\OneDrive\Desktop\Project\Main.uvprojx
Project File Date:  12/08/2025

<h2>Output:</h2>
*** Using Compiler 'V6.24', folder: 'C:\Users\mdjah\AppData\Local\Keil_v5\ARM\ARMCLANG\Bin'
Build target 'Target_1'
Note: source file '.\main.c' - object file renamed from '.\Objects\main.o' to '.\Objects\main_1.o'.
assembling module11.s...
linking...
.\RTE\Device\ARMCM4\ARMCM4_ac6.sct(19): warning: L6314W: No section matches pattern *(.bss.noinit).
Program Size: Code=3664 RO-data=976 RW-data=3600 ZI-data=3584  
Finished: 0 information, 1 warning and 0 error messages.
".\Objects\Main.axf" - 0 Error(s), 1 Warning(s).

<h2>Software Packages used:</h2>

Package Vendor: ARM
                https://www.keil.com/pack/ARM.CMSIS.6.2.0.pack
                ARM::CMSIS@6.2.0
                CMSIS (Common Microcontroller Software Interface Standard)
   * Component: CORE Version: 6.1.1

Package Vendor: ARM
                https://www.keil.com/pack/ARM.Cortex_DFP.1.1.0.pack
                ARM::Cortex_DFP@1.1.0
                ARM Cortex Reference Subsystems Device Family Pack
   * Component: Startup Variant: C Startup Version: 2.2.0

<h2>Collection of Component include folders:</h2>
  ./RTE/_Target_1
  C:/Users/mdjah/AppData/Local/Arm/Packs/ARM/CMSIS/6.2.0/CMSIS/Core/Include
  C:/Users/mdjah/AppData/Local/Arm/Packs/ARM/Cortex_DFP/1.1.0/Device/ARMCM4/Include

<h2>Collection of Component Files used:</h2>

   * Component: ARM::CMSIS:CORE@6.1.1

   * Component: ARM::Device:Startup&C Startup@2.2.0
      Source file:   Device/ARMCM4/Source/system_ARMCM4.c
      Include file:  Device/ARMCM4/Include/ARMCM4.h
      Source file:   Device/ARMCM4/Source/startup_ARMCM4.c
Build Time Elapsed:  00:00:00
</pre>
</body>
</html>
