Component: Arm Compiler for Embedded 6.24 Tool: armlink [5f371500]

==============================================================================

Section Cross References

    module2.o(Module2_Code) refers to data.o(PatientData) for SENSOR_HR
    module4.o(Module4_Code) refers to data.o(PatientData) for system_clock
    module5.o(Module5_Code) refers to data.o(PatientData) for treatment_cost_table
    main.o(main_code) refers to module1.o(Module1_Code) for patient_record_initialization
    main.o(main_code) refers to module5.o(Module5_Code) for compute_treatment_cost
    main.o(main_code) refers to module6.o(Module6_Code) for compute_room_cost
    main.o(main_code) refers to module7.o(Module7_Code) for medicine_billing_module
    main.o(main_code) refers to module8.o(Module8_Code) for aggregate_total_bill
    main.o(main_code) refers to module2.o(Module2_Code) for acquire_vital_signs
    main.o(main_code) refers to module11.o(Module11Code) for check_sensor_malfunction
    main.o(main_code) refers to module3.o(Module3_Code) for check_vital_thresholds
    main.o(main_code) refers to module4.o(Module4_Code) for medicine_administration_scheduler
    main.o(main_code) refers to module9.o(Module9Code) for sort_patients_by_criticality
    main.o(main_code) refers to module10.o(.text) for Generate_All_Patient_Reports
    main.o(main_code) refers to data.o(PatientData) for system_clock
    module10.o(.text) refers to main_1.o(.text.ITM_Init_C) for ITM_Init_C
    module10.o(.text) refers to module11.o(Module11Code) for Print_Error_Log
    module10.o(.text) refers to data.o(PatientData) for patient_array
    module10.o(.text) refers to module10.o(module10_data) for hdr1
    module10.o(.text) refers to main_1.o(.text.ITM_SendChar_C) for ITM_SendChar_C
    module11.o(Module11Code) refers to data.o(PatientData) for error_flag
    main_1.o(.ARM.exidx.text.ITM_SendChar_C) refers to main_1.o(.text.ITM_SendChar_C) for [Anonymous Symbol]
    main_1.o(.ARM.exidx.text.ITM_Init_C) refers to main_1.o(.text.ITM_Init_C) for [Anonymous Symbol]
    module3.o(Module3_Code) refers to data.o(PatientData) for system_clock
    startup_armcm4.o(.ARM.exidx.text.Default_Handler) refers to startup_armcm4.o(.text.Default_Handler) for [Anonymous Symbol]
    startup_armcm4.o(.text.Reset_Handler) refers to system_armcm4.o(.text.SystemInit) for SystemInit
    startup_armcm4.o(.text.Reset_Handler) refers to __main.o(!!!main) for __main
    startup_armcm4.o(.ARM.exidx.text.Reset_Handler) refers to startup_armcm4.o(.text.Reset_Handler) for [Anonymous Symbol]
    startup_armcm4.o(.ARM.exidx.text.HardFault_Handler) refers to startup_armcm4.o(.text.HardFault_Handler) for [Anonymous Symbol]
    startup_armcm4.o(RESET) refers to startup_armcm4.o(.text.Reset_Handler) for Reset_Handler
    startup_armcm4.o(RESET) refers to startup_armcm4.o(.text.Default_Handler) for NMI_Handler
    startup_armcm4.o(RESET) refers to startup_armcm4.o(.text.HardFault_Handler) for HardFault_Handler
    system_armcm4.o(.text.SystemCoreClockUpdate) refers to system_armcm4.o(.data.SystemCoreClock) for SystemCoreClock
    system_armcm4.o(.ARM.exidx.text.SystemCoreClockUpdate) refers to system_armcm4.o(.text.SystemCoreClockUpdate) for [Anonymous Symbol]
    system_armcm4.o(.text.SystemInit) refers to startup_armcm4.o(RESET) for __Vectors
    system_armcm4.o(.text.SystemInit) refers to system_armcm4.o(.data.SystemCoreClock) for SystemCoreClock
    system_armcm4.o(.ARM.exidx.text.SystemInit) refers to system_armcm4.o(.text.SystemInit) for [Anonymous Symbol]
    __main.o(!!!main) refers to __rtentry.o(.ARM.Collect$$rtentry$$00000000) for __rt_entry
    __rtentry.o(.ARM.Collect$$rtentry$$00000000) refers (Special) to __rtentry2.o(.ARM.Collect$$rtentry$$0000000A) for __rt_entry_li
    __rtentry.o(.ARM.Collect$$rtentry$$00000000) refers (Special) to __rtentry2.o(.ARM.Collect$$rtentry$$0000000D) for __rt_entry_main
    __rtentry.o(.ARM.Collect$$rtentry$$00000000) refers (Special) to __rtentry2.o(.ARM.Collect$$rtentry$$0000000C) for __rt_entry_postli_1
    __rtentry.o(.ARM.Collect$$rtentry$$00000000) refers (Special) to __rtentry2.o(.ARM.Collect$$rtentry$$00000009) for __rt_entry_postsh_1
    __rtentry.o(.ARM.Collect$$rtentry$$00000000) refers (Special) to __rtentry2.o(.ARM.Collect$$rtentry$$00000002) for __rt_entry_presh_1
    __rtentry.o(.ARM.Collect$$rtentry$$00000000) refers (Special) to __rtentry7.o(.ARM.Collect$$rtentry$$00000007) for __rt_entry_sh
    __rtentry2.o(.ARM.Collect$$rtentry$$00000008) refers to boardinit2.o(.text) for _platform_post_stackheap_init
    __rtentry2.o(.ARM.Collect$$rtentry$$0000000A) refers to libinit.o(.ARM.Collect$$libinit$$00000000) for __rt_lib_init
    __rtentry2.o(.ARM.Collect$$rtentry$$0000000B) refers to boardinit3.o(.text) for _platform_post_lib_init
    __rtentry2.o(.ARM.Collect$$rtentry$$0000000D) refers to main.o(main_code) for main
    __rtentry2.o(.ARM.Collect$$rtentry$$0000000D) refers to exit.o(.text) for exit
    __rtentry2.o(.ARM.exidx) refers to __rtentry2.o(.ARM.Collect$$rtentry$$00000001) for .ARM.Collect$$rtentry$$00000001
    __rtentry2.o(.ARM.exidx) refers to __rtentry2.o(.ARM.Collect$$rtentry$$00000008) for .ARM.Collect$$rtentry$$00000008
    __rtentry2.o(.ARM.exidx) refers to __rtentry2.o(.ARM.Collect$$rtentry$$0000000A) for .ARM.Collect$$rtentry$$0000000A
    __rtentry2.o(.ARM.exidx) refers to __rtentry2.o(.ARM.Collect$$rtentry$$0000000B) for .ARM.Collect$$rtentry$$0000000B
    __rtentry2.o(.ARM.exidx) refers to __rtentry2.o(.ARM.Collect$$rtentry$$0000000D) for .ARM.Collect$$rtentry$$0000000D
    __rtentry4.o(.ARM.Collect$$rtentry$$00000004) refers to sys_stackheap_outer.o(.text) for __user_setup_stackheap
    __rtentry4.o(.ARM.exidx) refers to __rtentry4.o(.ARM.Collect$$rtentry$$00000004) for .ARM.Collect$$rtentry$$00000004
    __rtentry7.o(.ARM.Collect$$rtentry$$00000007) refers to __rtentry7.o(.ARM.Collect$$rtentry$$00002718) for __lit__00000000
    __rtentry7.o(__vectab_stack_and_reset_2_area) refers to __main.o(!!!main) for __main
    __rtentry7.o(.ARM.exidx) refers to __rtentry7.o(.ARM.Collect$$rtentry$$00000007) for .ARM.Collect$$rtentry$$00000007
    __rtentry7.o(.ARM.exidx) refers to __rtentry7.o(.ARM.Collect$$rtentry$$00002718) for .ARM.Collect$$rtentry$$00002718
    sys_stackheap_outer.o(.text) refers to libspace.o(.text) for __user_perproc_libspace
    sys_stackheap_outer.o(.text) refers to sys_stackheap.o(.text) for __user_initial_stackheap
    exit.o(.text) refers to rtexit.o(.ARM.Collect$$rtexit$$00000000) for __rt_exit
    libinit.o(.ARM.Collect$$libinit$$00000000) refers (Special) to libinit2.o(.ARM.Collect$$libinit$$00000030) for __rt_lib_init_alloca_1
    libinit.o(.ARM.Collect$$libinit$$00000000) refers (Special) to libinit5.o(.ARM.Collect$$libinit$$0000002C) for __rt_lib_init_argv_1
    libinit.o(.ARM.Collect$$libinit$$00000000) refers (Special) to libinit2.o(.ARM.Collect$$libinit$$0000001D) for __rt_lib_init_atexit_1
    libinit.o(.ARM.Collect$$libinit$$00000000) refers (Special) to libinit2.o(.ARM.Collect$$libinit$$00000023) for __rt_lib_init_clock_1
    libinit.o(.ARM.Collect$$libinit$$00000000) refers (Special) to libinit2.o(.ARM.Collect$$libinit$$00000034) for __rt_lib_init_cpp_1
    libinit.o(.ARM.Collect$$libinit$$00000000) refers (Special) to libinit2.o(.ARM.Collect$$libinit$$00000032) for __rt_lib_init_exceptions_1
    libinit.o(.ARM.Collect$$libinit$$00000000) refers (Special) to libinit2.o(.ARM.Collect$$libinit$$00000001) for __rt_lib_init_fp_1
    libinit.o(.ARM.Collect$$libinit$$00000000) refers (Special) to libinit2.o(.ARM.Collect$$libinit$$00000021) for __rt_lib_init_fp_trap_1
    libinit.o(.ARM.Collect$$libinit$$00000000) refers (Special) to libinit2.o(.ARM.Collect$$libinit$$00000025) for __rt_lib_init_getenv_1
    libinit.o(.ARM.Collect$$libinit$$00000000) refers (Special) to libinit2.o(.ARM.Collect$$libinit$$0000000C) for __rt_lib_init_heap_1
    libinit.o(.ARM.Collect$$libinit$$00000000) refers (Special) to libinit2.o(.ARM.Collect$$libinit$$00000013) for __rt_lib_init_lc_collate_1
    libinit.o(.ARM.Collect$$libinit$$00000000) refers (Special) to libinit2.o(.ARM.Collect$$libinit$$00000015) for __rt_lib_init_lc_ctype_1
    libinit.o(.ARM.Collect$$libinit$$00000000) refers (Special) to libinit2.o(.ARM.Collect$$libinit$$00000017) for __rt_lib_init_lc_monetary_1
    libinit.o(.ARM.Collect$$libinit$$00000000) refers (Special) to libinit2.o(.ARM.Collect$$libinit$$00000019) for __rt_lib_init_lc_numeric_1
    libinit.o(.ARM.Collect$$libinit$$00000000) refers (Special) to libinit2.o(.ARM.Collect$$libinit$$0000001B) for __rt_lib_init_lc_time_1
    libinit.o(.ARM.Collect$$libinit$$00000000) refers (Special) to libinit2.o(.ARM.Collect$$libinit$$00000006) for __rt_lib_init_preinit_1
    libinit.o(.ARM.Collect$$libinit$$00000000) refers (Special) to libinit2.o(.ARM.Collect$$libinit$$00000010) for __rt_lib_init_rand_1
    libinit.o(.ARM.Collect$$libinit$$00000000) refers (Special) to libinit2.o(.ARM.Collect$$libinit$$00000004) for __rt_lib_init_relocate_pie_1
    libinit.o(.ARM.Collect$$libinit$$00000000) refers (Special) to libinit2.o(.ARM.Collect$$libinit$$00000035) for __rt_lib_init_return
    libinit.o(.ARM.Collect$$libinit$$00000000) refers (Special) to libinit2.o(.ARM.Collect$$libinit$$0000001F) for __rt_lib_init_signal_1
    libinit.o(.ARM.Collect$$libinit$$00000000) refers (Special) to libinit2.o(.ARM.Collect$$libinit$$00000027) for __rt_lib_init_stdio_1
    libinit.o(.ARM.Collect$$libinit$$00000000) refers (Special) to libinit2.o(.ARM.Collect$$libinit$$0000000E) for __rt_lib_init_user_alloc_1
    libspace.o(.text) refers to libspace.o(.bss) for __libspace_start
    sys_stackheap.o(.text) refers (Special) to indicate_semi.o(.text) for __semihosting_library_function
    sys_stackheap.o(.text) refers to use_no_semi.o(.text) for __I$use$semihosting
    sys_stackheap_hlt.o(.text) refers (Special) to indicate_semi.o(.text) for __semihosting_library_function
    sys_stackheap_hlt.o(.text) refers to use_no_semi.o(.text) for __I$use$semihosting
    rtexit.o(.ARM.Collect$$rtexit$$00000000) refers (Special) to rtexit2.o(.ARM.Collect$$rtexit$$00000004) for __rt_exit_exit
    rtexit.o(.ARM.Collect$$rtexit$$00000000) refers (Special) to rtexit2.o(.ARM.Collect$$rtexit$$00000003) for __rt_exit_ls
    rtexit.o(.ARM.Collect$$rtexit$$00000000) refers (Special) to rtexit2.o(.ARM.Collect$$rtexit$$00000002) for __rt_exit_prels_1
    rtexit.o(.ARM.exidx) refers (Special) to rtexit2.o(.ARM.Collect$$rtexit$$00000004) for __rt_exit_exit
    rtexit.o(.ARM.exidx) refers (Special) to rtexit2.o(.ARM.Collect$$rtexit$$00000003) for __rt_exit_ls
    rtexit.o(.ARM.exidx) refers (Special) to rtexit2.o(.ARM.Collect$$rtexit$$00000002) for __rt_exit_prels_1
    rtexit.o(.ARM.exidx) refers to rtexit.o(.ARM.Collect$$rtexit$$00000000) for .ARM.Collect$$rtexit$$00000000
    libinit2.o(.ARM.Collect$$libinit$$00000001) refers to fpinit.o(x$fpl$fpinit) for _fp_init
    libinit2.o(.ARM.Collect$$libinit$$00000012) refers to libinit2.o(.ARM.Collect$$libinit$$00000011) for .ARM.Collect$$libinit$$00000011
    libinit2.o(.ARM.Collect$$libinit$$00000014) refers to libinit2.o(.ARM.Collect$$libinit$$00000011) for .ARM.Collect$$libinit$$00000011
    libinit2.o(.ARM.Collect$$libinit$$00000016) refers to libinit2.o(.ARM.Collect$$libinit$$00000011) for .ARM.Collect$$libinit$$00000011
    libinit2.o(.ARM.Collect$$libinit$$00000018) refers to libinit2.o(.ARM.Collect$$libinit$$00000011) for .ARM.Collect$$libinit$$00000011
    libinit2.o(.ARM.Collect$$libinit$$0000001A) refers to libinit2.o(.ARM.Collect$$libinit$$00000011) for .ARM.Collect$$libinit$$00000011
    libinit2.o(.ARM.Collect$$libinit$$00000028) refers to argv_veneer.o(.emb_text) for __ARM_argv_veneer
    libinit2.o(.ARM.Collect$$libinit$$00000029) refers to argv_veneer.o(.emb_text) for __ARM_argv_veneer
    libinit5.o(.ARM.Collect$$libinit$$0000000A) refers to libinit5.o(.ARM.Collect$$libinit$$0000271B) for __lit__00000000
    libinit5.o(.ARM.Collect$$libinit$$0000002C) refers to libinit5.o(.ARM.Collect$$libinit$$0000273D) for __lit__00000002
    libinit5.o(.ARM.Collect$$libinit$$0000002C) refers to argv_veneer.o(.emb_text) for __ARM_argv_veneer
    rtexit2.o(.ARM.Collect$$rtexit$$00000003) refers to libshutdown.o(.ARM.Collect$$libshutdown$$00000000) for __rt_lib_shutdown
    rtexit2.o(.ARM.Collect$$rtexit$$00000004) refers to sys_exit.o(.text) for _sys_exit
    rtexit2.o(.ARM.exidx) refers to rtexit2.o(.ARM.Collect$$rtexit$$00000001) for .ARM.Collect$$rtexit$$00000001
    rtexit2.o(.ARM.exidx) refers to rtexit2.o(.ARM.Collect$$rtexit$$00000003) for .ARM.Collect$$rtexit$$00000003
    rtexit2.o(.ARM.exidx) refers to rtexit2.o(.ARM.Collect$$rtexit$$00000004) for .ARM.Collect$$rtexit$$00000004
    argv_veneer.o(.emb_text) refers to _get_argv_nomalloc.o(.text) for __ARM_get_argv
    sys_exit.o(.text) refers (Special) to use_no_semi.o(.text) for __I$use$semihosting
    sys_exit.o(.text) refers (Special) to indicate_semi.o(.text) for __semihosting_library_function
    sys_exit_hlt.o(.text) refers (Special) to use_no_semi.o(.text) for __I$use$semihosting
    sys_exit_hlt.o(.text) refers (Special) to indicate_semi.o(.text) for __semihosting_library_function
    _get_argv_nomalloc.o(.text) refers (Special) to hrguard.o(.text) for __heap_region$guard
    _get_argv_nomalloc.o(.text) refers to defsig_rtmem_outer.o(.text) for __rt_SIGRTMEM
    _get_argv_nomalloc.o(.text) refers to sys_command.o(.text) for _sys_command_string
    libshutdown.o(.ARM.Collect$$libshutdown$$00000000) refers (Special) to libshutdown2.o(.ARM.Collect$$libshutdown$$00000002) for __rt_lib_shutdown_cpp_1
    libshutdown.o(.ARM.Collect$$libshutdown$$00000000) refers (Special) to libshutdown2.o(.ARM.Collect$$libshutdown$$00000007) for __rt_lib_shutdown_fp_trap_1
    libshutdown.o(.ARM.Collect$$libshutdown$$00000000) refers (Special) to libshutdown2.o(.ARM.Collect$$libshutdown$$0000000F) for __rt_lib_shutdown_heap_1
    libshutdown.o(.ARM.Collect$$libshutdown$$00000000) refers (Special) to libshutdown2.o(.ARM.Collect$$libshutdown$$00000010) for __rt_lib_shutdown_return
    libshutdown.o(.ARM.Collect$$libshutdown$$00000000) refers (Special) to libshutdown2.o(.ARM.Collect$$libshutdown$$0000000A) for __rt_lib_shutdown_signal_1
    libshutdown.o(.ARM.Collect$$libshutdown$$00000000) refers (Special) to libshutdown2.o(.ARM.Collect$$libshutdown$$00000004) for __rt_lib_shutdown_stdio_1
    libshutdown.o(.ARM.Collect$$libshutdown$$00000000) refers (Special) to libshutdown2.o(.ARM.Collect$$libshutdown$$0000000C) for __rt_lib_shutdown_user_alloc_1
    sys_command.o(.text) refers (Special) to use_no_semi.o(.text) for __I$use$semihosting
    sys_command.o(.text) refers (Special) to indicate_semi.o(.text) for __semihosting_library_function
    sys_command_hlt.o(.text) refers (Special) to use_no_semi.o(.text) for __I$use$semihosting
    sys_command_hlt.o(.text) refers (Special) to indicate_semi.o(.text) for __semihosting_library_function
    defsig_rtmem_outer.o(.text) refers to defsig_rtmem_inner.o(.text) for __rt_SIGRTMEM_inner
    defsig_rtmem_outer.o(.text) refers to defsig_exit.o(.text) for __sig_exit
    defsig_rtmem_formal.o(.text) refers to rt_raise.o(.text) for __rt_raise
    rt_raise.o(.text) refers to __raise.o(.text) for __raise
    rt_raise.o(.text) refers to sys_exit.o(.text) for _sys_exit
    defsig_exit.o(.text) refers to sys_exit.o(.text) for _sys_exit
    defsig_rtmem_inner.o(.text) refers to defsig_general.o(.text) for __default_signal_display
    __raise.o(.text) refers to defsig.o(CL$$defsig) for __default_signal_handler
    defsig_general.o(.text) refers to sys_wrch.o(.text) for _ttywrch
    sys_wrch.o(.text) refers (Special) to use_no_semi.o(.text) for __I$use$semihosting
    sys_wrch.o(.text) refers (Special) to indicate_semi.o(.text) for __semihosting_library_function
    sys_wrch_hlt.o(.text) refers (Special) to use_no_semi.o(.text) for __I$use$semihosting
    sys_wrch_hlt.o(.text) refers (Special) to indicate_semi.o(.text) for __semihosting_library_function
    defsig.o(CL$$defsig) refers to defsig_rtmem_inner.o(.text) for __rt_SIGRTMEM_inner
    defsig_abrt_inner.o(.text) refers to defsig_general.o(.text) for __default_signal_display
    defsig_fpe_inner.o(.text) refers to defsig_general.o(.text) for __default_signal_display
    defsig_rtred_inner.o(.text) refers to defsig_general.o(.text) for __default_signal_display
    defsig_stak_inner.o(.text) refers to defsig_general.o(.text) for __default_signal_display
    defsig_pvfn_inner.o(.text) refers to defsig_general.o(.text) for __default_signal_display
    defsig_cppl_inner.o(.text) refers to defsig_general.o(.text) for __default_signal_display
    defsig_segv_inner.o(.text) refers to defsig_general.o(.text) for __default_signal_display
    defsig_other.o(.text) refers to defsig_general.o(.text) for __default_signal_display


==============================================================================

Removing Unused input sections from the image.

    Removing main_1.o(.text), (0 bytes).
    Removing main_1.o(.ARM.exidx.text.ITM_SendChar_C), (8 bytes).
    Removing main_1.o(.ARM.exidx.text.ITM_Init_C), (8 bytes).
    Removing startup_armcm4.o(.text), (0 bytes).
    Removing startup_armcm4.o(.ARM.exidx.text.Default_Handler), (8 bytes).
    Removing startup_armcm4.o(.ARM.exidx.text.Reset_Handler), (8 bytes).
    Removing startup_armcm4.o(.ARM.exidx.text.HardFault_Handler), (8 bytes).
    Removing system_armcm4.o(.text), (0 bytes).
    Removing system_armcm4.o(.text.SystemCoreClockUpdate), (20 bytes).
    Removing system_armcm4.o(.ARM.exidx.text.SystemCoreClockUpdate), (8 bytes).
    Removing system_armcm4.o(.ARM.exidx.text.SystemInit), (8 bytes).

11 unused section(s) (total 76 bytes) removed from the image.

==============================================================================

Image Symbol Table

    Local Symbols

    Symbol Name                              Value     Ov Type        Size  Object(Section)

    ../clib/angel/boardlib.s                 0x00000000   Number         0  boardinit1.o ABSOLUTE
    ../clib/angel/boardlib.s                 0x00000000   Number         0  boardinit2.o ABSOLUTE
    ../clib/angel/boardlib.s                 0x00000000   Number         0  boardinit3.o ABSOLUTE
    ../clib/angel/boardlib.s                 0x00000000   Number         0  boardshut.o ABSOLUTE
    ../clib/angel/dclz77c.s                  0x00000000   Number         0  __dclz77c.o ABSOLUTE
    ../clib/angel/kernel.s                   0x00000000   Number         0  __rtentry.o ABSOLUTE
    ../clib/angel/kernel.s                   0x00000000   Number         0  __rtentry2.o ABSOLUTE
    ../clib/angel/kernel.s                   0x00000000   Number         0  __rtentry4.o ABSOLUTE
    ../clib/angel/kernel.s                   0x00000000   Number         0  __rtentry7.o ABSOLUTE
    ../clib/angel/kernel.s                   0x00000000   Number         0  rtexit.o ABSOLUTE
    ../clib/angel/kernel.s                   0x00000000   Number         0  rtexit2.o ABSOLUTE
    ../clib/angel/rt.s                       0x00000000   Number         0  rt_raise.o ABSOLUTE
    ../clib/angel/scatter.s                  0x00000000   Number         0  __scatter.o ABSOLUTE
    ../clib/angel/startup.s                  0x00000000   Number         0  __main.o ABSOLUTE
    ../clib/angel/sys.s                      0x00000000   Number         0  sys_stackheap_outer.o ABSOLUTE
    ../clib/angel/sys.s                      0x00000000   Number         0  libspace.o ABSOLUTE
    ../clib/angel/sys.s                      0x00000000   Number         0  sys_stackheap.o ABSOLUTE
    ../clib/angel/sys.s                      0x00000000   Number         0  sys_stackheap_hlt.o ABSOLUTE
    ../clib/angel/sys.s                      0x00000000   Number         0  use_no_semi.o ABSOLUTE
    ../clib/angel/sys.s                      0x00000000   Number         0  indicate_semi.o ABSOLUTE
    ../clib/angel/sysapp.c                   0x00000000   Number         0  sys_exit.o ABSOLUTE
    ../clib/angel/sysapp.c                   0x00000000   Number         0  sys_exit_hlt.o ABSOLUTE
    ../clib/angel/sysapp.c                   0x00000000   Number         0  sys_command.o ABSOLUTE
    ../clib/angel/sysapp.c                   0x00000000   Number         0  sys_command_hlt.o ABSOLUTE
    ../clib/angel/sysapp.c                   0x00000000   Number         0  sys_wrch.o ABSOLUTE
    ../clib/angel/sysapp.c                   0x00000000   Number         0  sys_wrch_hlt.o ABSOLUTE
    ../clib/armsys.c                         0x00000000   Number         0  argv_veneer.o ABSOLUTE
    ../clib/armsys.c                         0x00000000   Number         0  argv_veneer.o ABSOLUTE
    ../clib/armsys.c                         0x00000000   Number         0  _get_argv_nomalloc.o ABSOLUTE
    ../clib/armsys.c                         0x00000000   Number         0  no_argv.o ABSOLUTE
    ../clib/heapalloc.c                      0x00000000   Number         0  hrguard.o ABSOLUTE
    ../clib/libinit.s                        0x00000000   Number         0  libinit.o ABSOLUTE
    ../clib/libinit.s                        0x00000000   Number         0  libinit2.o ABSOLUTE
    ../clib/libinit.s                        0x00000000   Number         0  libinit5.o ABSOLUTE
    ../clib/libinit.s                        0x00000000   Number         0  libshutdown.o ABSOLUTE
    ../clib/libinit.s                        0x00000000   Number         0  libshutdown2.o ABSOLUTE
    ../clib/signal.c                         0x00000000   Number         0  defsig_rtmem_outer.o ABSOLUTE
    ../clib/signal.c                         0x00000000   Number         0  defsig_rtmem_formal.o ABSOLUTE
    ../clib/signal.c                         0x00000000   Number         0  defsig_exit.o ABSOLUTE
    ../clib/signal.c                         0x00000000   Number         0  defsig_rtmem_inner.o ABSOLUTE
    ../clib/signal.c                         0x00000000   Number         0  __raise.o ABSOLUTE
    ../clib/signal.c                         0x00000000   Number         0  defsig_general.o ABSOLUTE
    ../clib/signal.c                         0x00000000   Number         0  defsig_abrt_inner.o ABSOLUTE
    ../clib/signal.c                         0x00000000   Number         0  defsig_fpe_inner.o ABSOLUTE
    ../clib/signal.c                         0x00000000   Number         0  defsig_rtred_inner.o ABSOLUTE
    ../clib/signal.c                         0x00000000   Number         0  defsig_stak_inner.o ABSOLUTE
    ../clib/signal.c                         0x00000000   Number         0  defsig_pvfn_inner.o ABSOLUTE
    ../clib/signal.c                         0x00000000   Number         0  defsig_cppl_inner.o ABSOLUTE
    ../clib/signal.c                         0x00000000   Number         0  defsig_segv_inner.o ABSOLUTE
    ../clib/signal.c                         0x00000000   Number         0  defsig_other.o ABSOLUTE
    ../clib/signal.s                         0x00000000   Number         0  defsig.o ABSOLUTE
    ../clib/stdlib.c                         0x00000000   Number         0  exit.o ABSOLUTE
    ../fplib/fpinit.s                        0x00000000   Number         0  fpinit.o ABSOLUTE
    __tagsym$$used.0                         0x00000000   Number         0  startup_armcm4.o(RESET)
    data.s                                   0x00000000   Number         0  data.o ABSOLUTE
    dc.s                                     0x00000000   Number         0  dc.o ABSOLUTE
    main.c                                   0x00000000   Number         0  main_1.o ABSOLUTE
    main.s                                   0x00000000   Number         0  main.o ABSOLUTE
    module1.s                                0x00000000   Number         0  module1.o ABSOLUTE
    module10.s                               0x00000000   Number         0  module10.o ABSOLUTE
    module11.s                               0x00000000   Number         0  module11.o ABSOLUTE
    module2.s                                0x00000000   Number         0  module2.o ABSOLUTE
    module3.s                                0x00000000   Number         0  module3.o ABSOLUTE
    module4.s                                0x00000000   Number         0  module4.o ABSOLUTE
    module5.s                                0x00000000   Number         0  module5.o ABSOLUTE
    module6.s                                0x00000000   Number         0  module6.o ABSOLUTE
    module7.s                                0x00000000   Number         0  module7.o ABSOLUTE
    module8.s                                0x00000000   Number         0  module8.o ABSOLUTE
    module9.s                                0x00000000   Number         0  module9.o ABSOLUTE
    startup_ARMCM4.c                         0x00000000   Number         0  startup_armcm4.o ABSOLUTE
    system_ARMCM4.c                          0x00000000   Number         0  system_armcm4.o ABSOLUTE
    !!!main                                  0x000003c0   Section        8  __main.o(!!!main)
    !!!scatter                               0x000003c8   Section       92  __scatter.o(!!!scatter)
    !!dclz77c                                0x00000424   Section      100  __dclz77c.o(!!dclz77c)
    !!handler_null                           0x00000488   Section        2  __scatter.o(!!handler_null)
    .ARM.Collect$$libinit$$00000000          0x0000048a   Section        2  libinit.o(.ARM.Collect$$libinit$$00000000)
    .ARM.Collect$$libinit$$00000001          0x0000048c   Section        4  libinit2.o(.ARM.Collect$$libinit$$00000001)
    .ARM.Collect$$libinit$$00000004          0x00000490   Section        0  libinit2.o(.ARM.Collect$$libinit$$00000004)
    .ARM.Collect$$libinit$$00000006          0x00000490   Section        0  libinit2.o(.ARM.Collect$$libinit$$00000006)
    .ARM.Collect$$libinit$$0000000C          0x00000490   Section        0  libinit2.o(.ARM.Collect$$libinit$$0000000C)
    .ARM.Collect$$libinit$$0000000E          0x00000490   Section        0  libinit2.o(.ARM.Collect$$libinit$$0000000E)
    .ARM.Collect$$libinit$$00000010          0x00000490   Section        0  libinit2.o(.ARM.Collect$$libinit$$00000010)
    .ARM.Collect$$libinit$$00000013          0x00000490   Section        0  libinit2.o(.ARM.Collect$$libinit$$00000013)
    .ARM.Collect$$libinit$$00000015          0x00000490   Section        0  libinit2.o(.ARM.Collect$$libinit$$00000015)
    .ARM.Collect$$libinit$$00000017          0x00000490   Section        0  libinit2.o(.ARM.Collect$$libinit$$00000017)
    .ARM.Collect$$libinit$$00000019          0x00000490   Section        0  libinit2.o(.ARM.Collect$$libinit$$00000019)
    .ARM.Collect$$libinit$$0000001B          0x00000490   Section        0  libinit2.o(.ARM.Collect$$libinit$$0000001B)
    .ARM.Collect$$libinit$$0000001D          0x00000490   Section        0  libinit2.o(.ARM.Collect$$libinit$$0000001D)
    .ARM.Collect$$libinit$$0000001F          0x00000490   Section        0  libinit2.o(.ARM.Collect$$libinit$$0000001F)
    .ARM.Collect$$libinit$$00000021          0x00000490   Section        0  libinit2.o(.ARM.Collect$$libinit$$00000021)
    .ARM.Collect$$libinit$$00000023          0x00000490   Section        0  libinit2.o(.ARM.Collect$$libinit$$00000023)
    .ARM.Collect$$libinit$$00000025          0x00000490   Section        0  libinit2.o(.ARM.Collect$$libinit$$00000025)
    .ARM.Collect$$libinit$$00000027          0x00000490   Section        0  libinit2.o(.ARM.Collect$$libinit$$00000027)
    .ARM.Collect$$libinit$$0000002C          0x00000490   Section       12  libinit5.o(.ARM.Collect$$libinit$$0000002C)
    .ARM.Collect$$libinit$$00000030          0x0000049c   Section        0  libinit2.o(.ARM.Collect$$libinit$$00000030)
    .ARM.Collect$$libinit$$00000032          0x0000049c   Section        0  libinit2.o(.ARM.Collect$$libinit$$00000032)
    .ARM.Collect$$libinit$$00000034          0x0000049c   Section        0  libinit2.o(.ARM.Collect$$libinit$$00000034)
    .ARM.Collect$$libinit$$00000035          0x0000049c   Section        2  libinit2.o(.ARM.Collect$$libinit$$00000035)
    __lit__00000002                          0x000004a0   Data           4  libinit5.o(.ARM.Collect$$libinit$$0000273D)
    .ARM.Collect$$libinit$$0000273D          0x000004a0   Section        8  libinit5.o(.ARM.Collect$$libinit$$0000273D)
    __lit__00000003                          0x000004a4   Data           4  libinit5.o(.ARM.Collect$$libinit$$0000273D)
    .ARM.Collect$$libshutdown$$00000000      0x000004a8   Section        2  libshutdown.o(.ARM.Collect$$libshutdown$$00000000)
    .ARM.Collect$$libshutdown$$00000002      0x000004aa   Section        0  libshutdown2.o(.ARM.Collect$$libshutdown$$00000002)
    .ARM.Collect$$libshutdown$$00000004      0x000004aa   Section        0  libshutdown2.o(.ARM.Collect$$libshutdown$$00000004)
    .ARM.Collect$$libshutdown$$00000007      0x000004aa   Section        0  libshutdown2.o(.ARM.Collect$$libshutdown$$00000007)
    .ARM.Collect$$libshutdown$$0000000A      0x000004aa   Section        0  libshutdown2.o(.ARM.Collect$$libshutdown$$0000000A)
    .ARM.Collect$$libshutdown$$0000000C      0x000004aa   Section        0  libshutdown2.o(.ARM.Collect$$libshutdown$$0000000C)
    .ARM.Collect$$libshutdown$$0000000F      0x000004aa   Section        0  libshutdown2.o(.ARM.Collect$$libshutdown$$0000000F)
    .ARM.Collect$$libshutdown$$00000010      0x000004aa   Section        2  libshutdown2.o(.ARM.Collect$$libshutdown$$00000010)
    .ARM.Collect$$rtentry$$00000000          0x000004ac   Section        0  __rtentry.o(.ARM.Collect$$rtentry$$00000000)
    .ARM.Collect$$rtentry$$00000002          0x000004ac   Section        0  __rtentry2.o(.ARM.Collect$$rtentry$$00000002)
    .ARM.Collect$$rtentry$$00000007          0x000004ac   Section        4  __rtentry7.o(.ARM.Collect$$rtentry$$00000007)
    .ARM.Collect$$rtentry$$00000009          0x000004b0   Section        0  __rtentry2.o(.ARM.Collect$$rtentry$$00000009)
    .ARM.Collect$$rtentry$$0000000A          0x000004b0   Section        4  __rtentry2.o(.ARM.Collect$$rtentry$$0000000A)
    .ARM.Collect$$rtentry$$0000000C          0x000004b4   Section        0  __rtentry2.o(.ARM.Collect$$rtentry$$0000000C)
    .ARM.Collect$$rtentry$$0000000D          0x000004b4   Section        8  __rtentry2.o(.ARM.Collect$$rtentry$$0000000D)
    __lit__00000000                          0x000004bc   Data           4  __rtentry7.o(.ARM.Collect$$rtentry$$00002718)
    .ARM.Collect$$rtentry$$00002718          0x000004bc   Section        4  __rtentry7.o(.ARM.Collect$$rtentry$$00002718)
    .ARM.Collect$$rtexit$$00000000           0x000004c0   Section        2  rtexit.o(.ARM.Collect$$rtexit$$00000000)
    .ARM.Collect$$rtexit$$00000002           0x000004c2   Section        0  rtexit2.o(.ARM.Collect$$rtexit$$00000002)
    .ARM.Collect$$rtexit$$00000003           0x000004c2   Section        4  rtexit2.o(.ARM.Collect$$rtexit$$00000003)
    .ARM.Collect$$rtexit$$00000004           0x000004c6   Section        6  rtexit2.o(.ARM.Collect$$rtexit$$00000004)
    .emb_text                                0x000004cc   Section        4  argv_veneer.o(.emb_text)
    $v0                                      0x000004d0   Number         0  module10.o(.text)
    .text                                    0x000004d0   Section     1096  module10.o(.text)
    reset_templates                          0x000007e5   Thumb Code    84  module10.o(.text)
    copy_bytes                               0x00000839   Thumb Code    18  module10.o(.text)
    reset_int_dum                            0x0000084b   Thumb Code    22  module10.o(.text)
    push_integer                             0x00000861   Thumb Code    44  module10.o(.text)
    push_string_rev                          0x0000088d   Thumb Code    36  module10.o(.text)
    PrintByteString                          0x000008b1   Thumb Code    34  module10.o(.text)
    .text                                    0x00000918   Section        0  exit.o(.text)
    .text                                    0x0000092a   Section        2  use_no_semi.o(.text)
    .text                                    0x0000092c   Section        0  indicate_semi.o(.text)
    .text                                    0x0000092c   Section        0  sys_exit.o(.text)
    .text                                    0x00000938   Section        0  _get_argv_nomalloc.o(.text)
    .text                                    0x00000a66   Section        0  sys_command.o(.text)
    .text                                    0x00000a7e   Section        0  hrguard.o(.text)
    .text                                    0x00000a82   Section        0  defsig_rtmem_outer.o(.text)
    .text                                    0x00000a90   Section        0  defsig_exit.o(.text)
    .text                                    0x00000a9c   Section        0  defsig_rtmem_inner.o(.text)
    .text                                    0x00000aec   Section        0  defsig_general.o(.text)
    .text                                    0x00000b1e   Section        0  sys_wrch.o(.text)
    [Anonymous Symbol]                       0x00000b2c   Section        0  startup_armcm4.o(.text.Default_Handler)
    [Anonymous Symbol]                       0x00000b30   Section        0  startup_armcm4.o(.text.HardFault_Handler)
    [Anonymous Symbol]                       0x00000b34   Section        0  main_1.o(.text.ITM_Init_C)
    [Anonymous Symbol]                       0x00000b54   Section        0  main_1.o(.text.ITM_SendChar_C)
    [Anonymous Symbol]                       0x00000b78   Section        0  startup_armcm4.o(.text.Reset_Handler)
    [Anonymous Symbol]                       0x00000b80   Section        0  system_armcm4.o(.text.SystemInit)
    $v0                                      0x00000bb8   Number         0  module11.o(Module11Code)
    Module11Code                             0x00000bb8   Section       52  module11.o(Module11Code)
    $v0                                      0x00000bec   Number         0  module1.o(Module1_Code)
    Module1_Code                             0x00000bec   Section       64  module1.o(Module1_Code)
    $v0                                      0x00000c2c   Number         0  module2.o(Module2_Code)
    Module2_Code                             0x00000c2c   Section       80  module2.o(Module2_Code)
    $v0                                      0x00000c7c   Number         0  module3.o(Module3_Code)
    Module3_Code                             0x00000c7c   Section      160  module3.o(Module3_Code)
    create_alert_record                      0x00000cd7   Thumb Code    66  module3.o(Module3_Code)
    $v0                                      0x00000d1c   Number         0  module4.o(Module4_Code)
    Module4_Code                             0x00000d1c   Section       76  module4.o(Module4_Code)
    $v0                                      0x00000d68   Number         0  module5.o(Module5_Code)
    Module5_Code                             0x00000d68   Section       36  module5.o(Module5_Code)
    $v0                                      0x00000d8c   Number         0  module6.o(Module6_Code)
    Module6_Code                             0x00000d8c   Section       36  module6.o(Module6_Code)
    $v0                                      0x00000db0   Number         0  module7.o(Module7_Code)
    Module7_Code                             0x00000db0   Section       60  module7.o(Module7_Code)
    $v0                                      0x00000dec   Number         0  module8.o(Module8_Code)
    Module8_Code                             0x00000dec   Section       64  module8.o(Module8_Code)
    $v0                                      0x00000e2c   Number         0  module9.o(Module9Code)
    Module9Code                              0x00000e2c   Section      108  module9.o(Module9Code)
    $v0                                      0x00000e98   Number         0  main.o(main_code)
    main_code                                0x00000e98   Section      860  main.o(main_code)
    $v0                                      0x000011f4   Number         0  fpinit.o(x$fpl$fpinit)
    x$fpl$fpinit                             0x000011f4   Section       26  fpinit.o(x$fpl$fpinit)
    PatientData                              0x20000004   Section     2320  data.o(PatientData)
    nl                                       0x20000914   Data           2  module10.o(module10_data)
    module10_data                            0x20000914   Section     1274  module10.o(module10_data)
    int_dum                                  0x20000916   Data          23  module10.o(module10_data)
    hdr1                                     0x20000956   Data          51  module10.o(module10_data)
    hdr2                                     0x20000989   Data          27  module10.o(module10_data)
    hdr3                                     0x200009a4   Data          47  module10.o(module10_data)
    info_hdr                                 0x200009d3   Data          21  module10.o(module10_data)
    divider                                  0x200009e8   Data          51  module10.o(module10_data)
    pid_str                                  0x20000a31   Data          41  module10.o(module10_data)
    age_str                                  0x20000a70   Data          47  module10.o(module10_data)
    ward_str                                 0x20000ab5   Data          41  module10.o(module10_data)
    vital_hdr                                0x20000ade   Data          20  module10.o(module10_data)
    hr_str                                   0x20000b08   Data          45  module10.o(module10_data)
    bp_str                                   0x20000b4b   Data          49  module10.o(module10_data)
    o2_str                                   0x20000b92   Data          43  module10.o(module10_data)
    alert_hdr                                0x20000bbd   Data          15  module10.o(module10_data)
    alert_str                                0x20000be2   Data          41  module10.o(module10_data)
    status_ok                                0x20000c0b   Data          18  module10.o(module10_data)
    status_warn                              0x20000c1d   Data          22  module10.o(module10_data)
    status_crit                              0x20000c33   Data          22  module10.o(module10_data)
    bill_hdr                                 0x20000c49   Data          17  module10.o(module10_data)
    bill_str                                 0x20000c71   Data          44  module10.o(module10_data)
    end_rpt                                  0x20000c9d   Data          18  module10.o(module10_data)
    pid_tmpl                                 0x20000caf   Data          41  module10.o(module10_data)
    age_tmpl                                 0x20000cd8   Data          47  module10.o(module10_data)
    ward_tmpl                                0x20000d07   Data          41  module10.o(module10_data)
    hr_tmpl                                  0x20000d30   Data          45  module10.o(module10_data)
    bp_tmpl                                  0x20000d5d   Data          49  module10.o(module10_data)
    o2_tmpl                                  0x20000d8e   Data          43  module10.o(module10_data)
    alert_tmpl                               0x20000db9   Data          41  module10.o(module10_data)
    bill_tmpl                                0x20000de2   Data          44  module10.o(module10_data)

    Global Symbols

    Symbol Name                              Value     Ov Type        Size  Object(Section)

    BuildAttributes$$THM_ISAv4$E$P$D$K$B$S$7EM$VFPi3$EXTD16$VFPS$VFMA$PE$A:L22UL41UL21$X:L11$S22US41US21$IEEE1$IW$~IW$USESV6$~STKCKD$USESV7$~SHL$OSPACE$ROPI$EBA8$UX$STANDARDLIB$REQ8$EABIv2 0x00000000   Number         0  anon$$obj.o ABSOLUTE
    __Vectors                                0x00000000   Data         960  startup_armcm4.o(RESET)
    Image$$ZI$$Limit                          - Undefined Weak Reference
    __ARM_exceptions_init                     - Undefined Weak Reference
    __alloca_initialize                       - Undefined Weak Reference
    __arm_preinit_                            - Undefined Weak Reference
    __arm_relocate_pie_                       - Undefined Weak Reference
    __cpp_initialize__aeabi_                  - Undefined Weak Reference
    __cxa_finalize                            - Undefined Weak Reference
    __rt_locale                               - Undefined Weak Reference
    __sigvec_lookup                           - Undefined Weak Reference
    _atexit_init                              - Undefined Weak Reference
    _call_atexit_fns                          - Undefined Weak Reference
    _clock_init                               - Undefined Weak Reference
    _fp_trap_init                             - Undefined Weak Reference
    _fp_trap_shutdown                         - Undefined Weak Reference
    _get_lc_collate                           - Undefined Weak Reference
    _get_lc_ctype                             - Undefined Weak Reference
    _get_lc_monetary                          - Undefined Weak Reference
    _get_lc_numeric                           - Undefined Weak Reference
    _get_lc_time                              - Undefined Weak Reference
    _getenv_init                              - Undefined Weak Reference
    _handle_redirection                       - Undefined Weak Reference
    _init_alloc                               - Undefined Weak Reference
    _init_user_alloc                          - Undefined Weak Reference
    _initio                                   - Undefined Weak Reference
    _rand_init                                - Undefined Weak Reference
    _signal_finish                            - Undefined Weak Reference
    _signal_init                              - Undefined Weak Reference
    _terminate_alloc                          - Undefined Weak Reference
    _terminate_user_alloc                     - Undefined Weak Reference
    _terminateio                              - Undefined Weak Reference
    __main                                   0x000003c1   Thumb Code     8  __main.o(!!!main)
    __scatterload                            0x000003c9   Thumb Code     0  __scatter.o(!!!scatter)
    __scatterload_rt2                        0x000003c9   Thumb Code    84  __scatter.o(!!!scatter)
    __scatterload_rt2_thumb_only             0x000003c9   Thumb Code     0  __scatter.o(!!!scatter)
    __scatterload_loop                       0x000003d3   Thumb Code     0  __scatter.o(!!!scatter)
    __decompress                             0x00000425   Thumb Code   100  __dclz77c.o(!!dclz77c)
    __decompress2                            0x00000425   Thumb Code     0  __dclz77c.o(!!dclz77c)
    __scatterload_null                       0x00000489   Thumb Code     2  __scatter.o(!!handler_null)
    __rt_lib_init                            0x0000048b   Thumb Code     0  libinit.o(.ARM.Collect$$libinit$$00000000)
    __rt_lib_init_fp_1                       0x0000048d   Thumb Code     0  libinit2.o(.ARM.Collect$$libinit$$00000001)
    __rt_lib_init_argv_1                     0x00000491   Thumb Code     0  libinit5.o(.ARM.Collect$$libinit$$0000002C)
    __rt_lib_init_atexit_1                   0x00000491   Thumb Code     0  libinit2.o(.ARM.Collect$$libinit$$0000001D)
    __rt_lib_init_clock_1                    0x00000491   Thumb Code     0  libinit2.o(.ARM.Collect$$libinit$$00000023)
    __rt_lib_init_fp_trap_1                  0x00000491   Thumb Code     0  libinit2.o(.ARM.Collect$$libinit$$00000021)
    __rt_lib_init_getenv_1                   0x00000491   Thumb Code     0  libinit2.o(.ARM.Collect$$libinit$$00000025)
    __rt_lib_init_heap_1                     0x00000491   Thumb Code     0  libinit2.o(.ARM.Collect$$libinit$$0000000C)
    __rt_lib_init_lc_collate_1               0x00000491   Thumb Code     0  libinit2.o(.ARM.Collect$$libinit$$00000013)
    __rt_lib_init_lc_ctype_1                 0x00000491   Thumb Code     0  libinit2.o(.ARM.Collect$$libinit$$00000015)
    __rt_lib_init_lc_monetary_1              0x00000491   Thumb Code     0  libinit2.o(.ARM.Collect$$libinit$$00000017)
    __rt_lib_init_lc_numeric_1               0x00000491   Thumb Code     0  libinit2.o(.ARM.Collect$$libinit$$00000019)
    __rt_lib_init_lc_time_1                  0x00000491   Thumb Code     0  libinit2.o(.ARM.Collect$$libinit$$0000001B)
    __rt_lib_init_preinit_1                  0x00000491   Thumb Code     0  libinit2.o(.ARM.Collect$$libinit$$00000006)
    __rt_lib_init_rand_1                     0x00000491   Thumb Code     0  libinit2.o(.ARM.Collect$$libinit$$00000010)
    __rt_lib_init_relocate_pie_1             0x00000491   Thumb Code     0  libinit2.o(.ARM.Collect$$libinit$$00000004)
    __rt_lib_init_signal_1                   0x00000491   Thumb Code     0  libinit2.o(.ARM.Collect$$libinit$$0000001F)
    __rt_lib_init_stdio_1                    0x00000491   Thumb Code     0  libinit2.o(.ARM.Collect$$libinit$$00000027)
    __rt_lib_init_user_alloc_1               0x00000491   Thumb Code     0  libinit2.o(.ARM.Collect$$libinit$$0000000E)
    __rt_lib_init_alloca_1                   0x0000049d   Thumb Code     0  libinit2.o(.ARM.Collect$$libinit$$00000030)
    __rt_lib_init_cpp_1                      0x0000049d   Thumb Code     0  libinit2.o(.ARM.Collect$$libinit$$00000034)
    __rt_lib_init_exceptions_1               0x0000049d   Thumb Code     0  libinit2.o(.ARM.Collect$$libinit$$00000032)
    __rt_lib_init_return                     0x0000049d   Thumb Code     0  libinit2.o(.ARM.Collect$$libinit$$00000035)
    __rt_lib_shutdown                        0x000004a9   Thumb Code     0  libshutdown.o(.ARM.Collect$$libshutdown$$00000000)
    __rt_lib_shutdown_cpp_1                  0x000004ab   Thumb Code     0  libshutdown2.o(.ARM.Collect$$libshutdown$$00000002)
    __rt_lib_shutdown_fp_trap_1              0x000004ab   Thumb Code     0  libshutdown2.o(.ARM.Collect$$libshutdown$$00000007)
    __rt_lib_shutdown_heap_1                 0x000004ab   Thumb Code     0  libshutdown2.o(.ARM.Collect$$libshutdown$$0000000F)
    __rt_lib_shutdown_return                 0x000004ab   Thumb Code     0  libshutdown2.o(.ARM.Collect$$libshutdown$$00000010)
    __rt_lib_shutdown_signal_1               0x000004ab   Thumb Code     0  libshutdown2.o(.ARM.Collect$$libshutdown$$0000000A)
    __rt_lib_shutdown_stdio_1                0x000004ab   Thumb Code     0  libshutdown2.o(.ARM.Collect$$libshutdown$$00000004)
    __rt_lib_shutdown_user_alloc_1           0x000004ab   Thumb Code     0  libshutdown2.o(.ARM.Collect$$libshutdown$$0000000C)
    __rt_entry                               0x000004ad   Thumb Code     0  __rtentry.o(.ARM.Collect$$rtentry$$00000000)
    __rt_entry_presh_1                       0x000004ad   Thumb Code     0  __rtentry2.o(.ARM.Collect$$rtentry$$00000002)
    __rt_entry_sh                            0x000004ad   Thumb Code     0  __rtentry7.o(.ARM.Collect$$rtentry$$00000007)
    __rt_entry_li                            0x000004b1   Thumb Code     0  __rtentry2.o(.ARM.Collect$$rtentry$$0000000A)
    __rt_entry_postsh_1                      0x000004b1   Thumb Code     0  __rtentry2.o(.ARM.Collect$$rtentry$$00000009)
    __rt_entry_main                          0x000004b5   Thumb Code     0  __rtentry2.o(.ARM.Collect$$rtentry$$0000000D)
    __rt_entry_postli_1                      0x000004b5   Thumb Code     0  __rtentry2.o(.ARM.Collect$$rtentry$$0000000C)
    __rt_exit                                0x000004c1   Thumb Code     0  rtexit.o(.ARM.Collect$$rtexit$$00000000)
    __rt_exit_ls                             0x000004c3   Thumb Code     0  rtexit2.o(.ARM.Collect$$rtexit$$00000003)
    __rt_exit_prels_1                        0x000004c3   Thumb Code     0  rtexit2.o(.ARM.Collect$$rtexit$$00000002)
    __rt_exit_exit                           0x000004c7   Thumb Code     0  rtexit2.o(.ARM.Collect$$rtexit$$00000004)
    __ARM_argv_veneer                        0x000004cd   Thumb Code     4  argv_veneer.o(.emb_text)
    Generate_All_Patient_Reports             0x000004d1   Thumb Code     2  module10.o(.text)
    Generate_Summary_Report                  0x000004d3   Thumb Code   786  module10.o(.text)
    exit                                     0x00000919   Thumb Code    18  exit.o(.text)
    __I$use$semihosting                      0x0000092b   Thumb Code     0  use_no_semi.o(.text)
    __use_no_semihosting_swi                 0x0000092b   Thumb Code     2  use_no_semi.o(.text)
    __semihosting_library_function           0x0000092d   Thumb Code     0  indicate_semi.o(.text)
    _sys_exit                                0x0000092d   Thumb Code     8  sys_exit.o(.text)
    __argv_alloc                             0x00000939   Thumb Code    34  _get_argv_nomalloc.o(.text)
    __ARM_get_argv                           0x0000095b   Thumb Code   268  _get_argv_nomalloc.o(.text)
    _sys_command_string                      0x00000a67   Thumb Code    24  sys_command.o(.text)
    __use_no_heap_region                     0x00000a7f   Thumb Code     2  hrguard.o(.text)
    __heap_region$guard                      0x00000a81   Thumb Code     2  hrguard.o(.text)
    __rt_SIGRTMEM                            0x00000a83   Thumb Code    14  defsig_rtmem_outer.o(.text)
    __sig_exit                               0x00000a91   Thumb Code    10  defsig_exit.o(.text)
    __rt_SIGRTMEM_inner                      0x00000a9d   Thumb Code    22  defsig_rtmem_inner.o(.text)
    __default_signal_display                 0x00000aed   Thumb Code    50  defsig_general.o(.text)
    _ttywrch                                 0x00000b1f   Thumb Code    14  sys_wrch.o(.text)
    BusFault_Handler                         0x00000b2d   Thumb Code     4  startup_armcm4.o(.text.Default_Handler)
    DebugMon_Handler                         0x00000b2d   Thumb Code     4  startup_armcm4.o(.text.Default_Handler)
    Default_Handler                          0x00000b2d   Thumb Code     4  startup_armcm4.o(.text.Default_Handler)
    Interrupt0_Handler                       0x00000b2d   Thumb Code     4  startup_armcm4.o(.text.Default_Handler)
    Interrupt1_Handler                       0x00000b2d   Thumb Code     4  startup_armcm4.o(.text.Default_Handler)
    Interrupt2_Handler                       0x00000b2d   Thumb Code     4  startup_armcm4.o(.text.Default_Handler)
    Interrupt3_Handler                       0x00000b2d   Thumb Code     4  startup_armcm4.o(.text.Default_Handler)
    Interrupt4_Handler                       0x00000b2d   Thumb Code     4  startup_armcm4.o(.text.Default_Handler)
    Interrupt5_Handler                       0x00000b2d   Thumb Code     4  startup_armcm4.o(.text.Default_Handler)
    Interrupt6_Handler                       0x00000b2d   Thumb Code     4  startup_armcm4.o(.text.Default_Handler)
    Interrupt7_Handler                       0x00000b2d   Thumb Code     4  startup_armcm4.o(.text.Default_Handler)
    Interrupt8_Handler                       0x00000b2d   Thumb Code     4  startup_armcm4.o(.text.Default_Handler)
    Interrupt9_Handler                       0x00000b2d   Thumb Code     4  startup_armcm4.o(.text.Default_Handler)
    MemManage_Handler                        0x00000b2d   Thumb Code     4  startup_armcm4.o(.text.Default_Handler)
    NMI_Handler                              0x00000b2d   Thumb Code     4  startup_armcm4.o(.text.Default_Handler)
    PendSV_Handler                           0x00000b2d   Thumb Code     4  startup_armcm4.o(.text.Default_Handler)
    SVC_Handler                              0x00000b2d   Thumb Code     4  startup_armcm4.o(.text.Default_Handler)
    SysTick_Handler                          0x00000b2d   Thumb Code     4  startup_armcm4.o(.text.Default_Handler)
    UsageFault_Handler                       0x00000b2d   Thumb Code     4  startup_armcm4.o(.text.Default_Handler)
    HardFault_Handler                        0x00000b31   Thumb Code     4  startup_armcm4.o(.text.HardFault_Handler)
    ITM_Init_C                               0x00000b35   Thumb Code    30  main_1.o(.text.ITM_Init_C)
    ITM_SendChar_C                           0x00000b55   Thumb Code    36  main_1.o(.text.ITM_SendChar_C)
    Reset_Handler                            0x00000b79   Thumb Code     8  startup_armcm4.o(.text.Reset_Handler)
    SystemInit                               0x00000b81   Thumb Code    54  system_armcm4.o(.text.SystemInit)
    check_sensor_malfunction                 0x00000bb9   Thumb Code     4  module11.o(Module11Code)
    check_invalid_dosage                     0x00000bbd   Thumb Code     4  module11.o(Module11Code)
    check_memory_overflow                    0x00000bc1   Thumb Code     4  module11.o(Module11Code)
    log_error_to_flash                       0x00000bc5   Thumb Code    22  module11.o(Module11Code)
    get_error_count                          0x00000bdb   Thumb Code     6  module11.o(Module11Code)
    Print_Error_Log                          0x00000be1   Thumb Code     2  module11.o(Module11Code)
    patient_record_initialization            0x00000bed   Thumb Code    62  module1.o(Module1_Code)
    acquire_vital_signs                      0x00000c2d   Thumb Code    62  module2.o(Module2_Code)
    check_vital_thresholds                   0x00000c7d   Thumb Code    90  module3.o(Module3_Code)
    medicine_administration_scheduler        0x00000d1d   Thumb Code    72  module4.o(Module4_Code)
    compute_treatment_cost                   0x00000d69   Thumb Code    32  module5.o(Module5_Code)
    compute_room_cost                        0x00000d8d   Thumb Code    34  module6.o(Module6_Code)
    medicine_billing_module                  0x00000db1   Thumb Code    60  module7.o(Module7_Code)
    aggregate_total_bill                     0x00000ded   Thumb Code    64  module8.o(Module8_Code)
    sort_patients_by_criticality             0x00000e2d   Thumb Code   106  module9.o(Module9Code)
    main                                     0x00000e99   Thumb Code   812  main.o(main_code)
    _fp_init                                 0x000011f5   Thumb Code    26  fpinit.o(x$fpl$fpinit)
    __fplib_config_fpu_vfp                   0x0000120d   Thumb Code     0  fpinit.o(x$fpl$fpinit)
    __fplib_config_pureend_doubles           0x0000120d   Thumb Code     0  fpinit.o(x$fpl$fpinit)
    Region$$Table$$Base                      0x00001210   Number         0  anon$$obj.o(Region$$Table)
    Region$$Table$$Limit                     0x00001220   Number         0  anon$$obj.o(Region$$Table)
    SystemCoreClock                          0x20000000   Data           4  system_armcm4.o(.data.SystemCoreClock)
    SENSOR_HR                                0x20000004   Data           1  data.o(PatientData)
    SENSOR_O2                                0x20000008   Data           1  data.o(PatientData)
    SENSOR_SBP                               0x2000000c   Data           1  data.o(PatientData)
    SENSOR_DBP                               0x20000010   Data           1  data.o(PatientData)
    system_clock                             0x20000014   Data           4  data.o(PatientData)
    patient_count                            0x20000018   Data           4  data.o(PatientData)
    treatment_cost_table                     0x2000001c   Data           0  data.o(PatientData)
    patient1_name                            0x2000005c   Data          15  data.o(PatientData)
    patient2_name                            0x2000006c   Data          13  data.o(PatientData)
    patient3_name                            0x2000007c   Data          14  data.o(PatientData)
    medicine_list_p1                         0x2000008c   Data           0  data.o(PatientData)
    medicine_list_p2                         0x200000bc   Data           0  data.o(PatientData)
    medicine_list_p3                         0x200000dc   Data           0  data.o(PatientData)
    patient_array                            0x200000ec   Data           0  data.o(PatientData)
    error_flag                               0x200005c0   Data           4  data.o(PatientData)
    error_log_buffer                         0x200005c4   Data           0  data.o(PatientData)
    error_count                              0x200008e4   Data           4  data.o(PatientData)
    sensor_history                           0x200008e8   Data           0  data.o(PatientData)
    sensor_history_index                     0x20000910   Data           1  data.o(PatientData)
    Image$$ARM_LIB_HEAP$$ZI$$Base            0x20000e10   Number         0  anon$$obj.o ABSOLUTE
    Image$$ARM_LIB_HEAP$$ZI$$Limit           0x20001a10   Number         0  anon$$obj.o ABSOLUTE
    Image$$ARM_LIB_STACK$$ZI$$Limit          0x20040000   Number         0  anon$$obj.o ABSOLUTE



==============================================================================

Memory Map of the image

  Image Entry point : 0x000003c1

  Load Region LR_ROM (Base: 0x00000000, Size: 0x00002030, Max: 0x00080000, ABSOLUTE, COMPRESSED[0x000014ec])

    Execution Region ER_ROM (Exec base: 0x00000000, Load base: 0x00000000, Size: 0x00001220, Max: 0x00080000, ABSOLUTE)

    Exec Addr    Load Addr    Size         Type   Attr      Idx    E Section Name        Object

    0x00000000   0x00000000   0x000003c0   Data   RO           73    RESET               startup_armcm4.o
    0x000003c0   0x000003c0   0x00000008   Code   RO           94  * !!!main             c_w.l(__main.o)
    0x000003c8   0x000003c8   0x0000005c   Code   RO          274    !!!scatter          c_w.l(__scatter.o)
    0x00000424   0x00000424   0x00000064   Code   RO          272    !!dclz77c           c_w.l(__dclz77c.o)
    0x00000488   0x00000488   0x00000002   Code   RO          275    !!handler_null      c_w.l(__scatter.o)
    0x0000048a   0x0000048a   0x00000002   Code   RO          126    .ARM.Collect$$libinit$$00000000  c_w.l(libinit.o)
    0x0000048c   0x0000048c   0x00000004   Code   RO          136    .ARM.Collect$$libinit$$00000001  c_w.l(libinit2.o)
    0x00000490   0x00000490   0x00000000   Code   RO          139    .ARM.Collect$$libinit$$00000004  c_w.l(libinit2.o)
    0x00000490   0x00000490   0x00000000   Code   RO          141    .ARM.Collect$$libinit$$00000006  c_w.l(libinit2.o)
    0x00000490   0x00000490   0x00000000   Code   RO          144    .ARM.Collect$$libinit$$0000000C  c_w.l(libinit2.o)
    0x00000490   0x00000490   0x00000000   Code   RO          146    .ARM.Collect$$libinit$$0000000E  c_w.l(libinit2.o)
    0x00000490   0x00000490   0x00000000   Code   RO          148    .ARM.Collect$$libinit$$00000010  c_w.l(libinit2.o)
    0x00000490   0x00000490   0x00000000   Code   RO          151    .ARM.Collect$$libinit$$00000013  c_w.l(libinit2.o)
    0x00000490   0x00000490   0x00000000   Code   RO          153    .ARM.Collect$$libinit$$00000015  c_w.l(libinit2.o)
    0x00000490   0x00000490   0x00000000   Code   RO          155    .ARM.Collect$$libinit$$00000017  c_w.l(libinit2.o)
    0x00000490   0x00000490   0x00000000   Code   RO          157    .ARM.Collect$$libinit$$00000019  c_w.l(libinit2.o)
    0x00000490   0x00000490   0x00000000   Code   RO          159    .ARM.Collect$$libinit$$0000001B  c_w.l(libinit2.o)
    0x00000490   0x00000490   0x00000000   Code   RO          161    .ARM.Collect$$libinit$$0000001D  c_w.l(libinit2.o)
    0x00000490   0x00000490   0x00000000   Code   RO          163    .ARM.Collect$$libinit$$0000001F  c_w.l(libinit2.o)
    0x00000490   0x00000490   0x00000000   Code   RO          165    .ARM.Collect$$libinit$$00000021  c_w.l(libinit2.o)
    0x00000490   0x00000490   0x00000000   Code   RO          167    .ARM.Collect$$libinit$$00000023  c_w.l(libinit2.o)
    0x00000490   0x00000490   0x00000000   Code   RO          169    .ARM.Collect$$libinit$$00000025  c_w.l(libinit2.o)
    0x00000490   0x00000490   0x00000000   Code   RO          171    .ARM.Collect$$libinit$$00000027  c_w.l(libinit2.o)
    0x00000490   0x00000490   0x0000000c   Code   RO          185    .ARM.Collect$$libinit$$0000002C  c_w.l(libinit5.o)
    0x0000049c   0x0000049c   0x00000000   Code   RO          177    .ARM.Collect$$libinit$$00000030  c_w.l(libinit2.o)
    0x0000049c   0x0000049c   0x00000000   Code   RO          179    .ARM.Collect$$libinit$$00000032  c_w.l(libinit2.o)
    0x0000049c   0x0000049c   0x00000000   Code   RO          181    .ARM.Collect$$libinit$$00000034  c_w.l(libinit2.o)
    0x0000049c   0x0000049c   0x00000002   Code   RO          182    .ARM.Collect$$libinit$$00000035  c_w.l(libinit2.o)
    0x0000049e   0x0000049e   0x00000002   PAD
    0x000004a0   0x000004a0   0x00000008   Code   RO          186    .ARM.Collect$$libinit$$0000273D  c_w.l(libinit5.o)
    0x000004a8   0x000004a8   0x00000002   Code   RO          211    .ARM.Collect$$libshutdown$$00000000  c_w.l(libshutdown.o)
    0x000004aa   0x000004aa   0x00000000   Code   RO          223    .ARM.Collect$$libshutdown$$00000002  c_w.l(libshutdown2.o)
    0x000004aa   0x000004aa   0x00000000   Code   RO          225    .ARM.Collect$$libshutdown$$00000004  c_w.l(libshutdown2.o)
    0x000004aa   0x000004aa   0x00000000   Code   RO          228    .ARM.Collect$$libshutdown$$00000007  c_w.l(libshutdown2.o)
    0x000004aa   0x000004aa   0x00000000   Code   RO          231    .ARM.Collect$$libshutdown$$0000000A  c_w.l(libshutdown2.o)
    0x000004aa   0x000004aa   0x00000000   Code   RO          233    .ARM.Collect$$libshutdown$$0000000C  c_w.l(libshutdown2.o)
    0x000004aa   0x000004aa   0x00000000   Code   RO          236    .ARM.Collect$$libshutdown$$0000000F  c_w.l(libshutdown2.o)
    0x000004aa   0x000004aa   0x00000002   Code   RO          237    .ARM.Collect$$libshutdown$$00000010  c_w.l(libshutdown2.o)
    0x000004ac   0x000004ac   0x00000000   Code   RO           96    .ARM.Collect$$rtentry$$00000000  c_w.l(__rtentry.o)
    0x000004ac   0x000004ac   0x00000000   Code   RO           98    .ARM.Collect$$rtentry$$00000002  c_w.l(__rtentry2.o)
    0x000004ac   0x000004ac   0x00000004   Code   RO          112    .ARM.Collect$$rtentry$$00000007  c_w.l(__rtentry7.o)
    0x000004b0   0x000004b0   0x00000000   Code   RO          100    .ARM.Collect$$rtentry$$00000009  c_w.l(__rtentry2.o)
    0x000004b0   0x000004b0   0x00000004   Code   RO          101    .ARM.Collect$$rtentry$$0000000A  c_w.l(__rtentry2.o)
    0x000004b4   0x000004b4   0x00000000   Code   RO          103    .ARM.Collect$$rtentry$$0000000C  c_w.l(__rtentry2.o)
    0x000004b4   0x000004b4   0x00000008   Code   RO          104    .ARM.Collect$$rtentry$$0000000D  c_w.l(__rtentry2.o)
    0x000004bc   0x000004bc   0x00000004   Code   RO          113    .ARM.Collect$$rtentry$$00002718  c_w.l(__rtentry7.o)
    0x000004c0   0x000004c0   0x00000002   Code   RO          134    .ARM.Collect$$rtexit$$00000000  c_w.l(rtexit.o)
    0x000004c2   0x000004c2   0x00000000   Code   RO          191    .ARM.Collect$$rtexit$$00000002  c_w.l(rtexit2.o)
    0x000004c2   0x000004c2   0x00000004   Code   RO          192    .ARM.Collect$$rtexit$$00000003  c_w.l(rtexit2.o)
    0x000004c6   0x000004c6   0x00000006   Code   RO          193    .ARM.Collect$$rtexit$$00000004  c_w.l(rtexit2.o)
    0x000004cc   0x000004cc   0x00000004   Code   RO          197    .emb_text           c_w.l(argv_veneer.o)
    0x000004d0   0x000004d0   0x00000448   Code   RO           43    .text               module10.o
    0x00000918   0x00000918   0x00000012   Code   RO          119    .text               c_w.l(exit.o)
    0x0000092a   0x0000092a   0x00000002   Code   RO          187    .text               c_w.l(use_no_semi.o)
    0x0000092c   0x0000092c   0x00000000   Code   RO          189    .text               c_w.l(indicate_semi.o)
    0x0000092c   0x0000092c   0x0000000c   Code   RO          201    .text               c_w.l(sys_exit.o)
    0x00000938   0x00000938   0x0000012e   Code   RO          207    .text               c_w.l(_get_argv_nomalloc.o)
    0x00000a66   0x00000a66   0x00000018   Code   RO          212    .text               c_w.l(sys_command.o)
    0x00000a7e   0x00000a7e   0x00000004   Code   RO          216    .text               c_w.l(hrguard.o)
    0x00000a82   0x00000a82   0x0000000e   Code   RO          218    .text               c_w.l(defsig_rtmem_outer.o)
    0x00000a90   0x00000a90   0x0000000a   Code   RO          240    .text               c_w.l(defsig_exit.o)
    0x00000a9a   0x00000a9a   0x00000002   PAD
    0x00000a9c   0x00000a9c   0x00000050   Code   RO          242    .text               c_w.l(defsig_rtmem_inner.o)
    0x00000aec   0x00000aec   0x00000032   Code   RO          246    .text               c_w.l(defsig_general.o)
    0x00000b1e   0x00000b1e   0x0000000e   Code   RO          248    .text               c_w.l(sys_wrch.o)
    0x00000b2c   0x00000b2c   0x00000004   Code   RO           67    .text.Default_Handler  startup_armcm4.o
    0x00000b30   0x00000b30   0x00000004   Code   RO           71    .text.HardFault_Handler  startup_armcm4.o
    0x00000b34   0x00000b34   0x0000001e   Code   RO           54    .text.ITM_Init_C    main_1.o
    0x00000b52   0x00000b52   0x00000002   PAD
    0x00000b54   0x00000b54   0x00000024   Code   RO           52    .text.ITM_SendChar_C  main_1.o
    0x00000b78   0x00000b78   0x00000008   Code   RO           69    .text.Reset_Handler  startup_armcm4.o
    0x00000b80   0x00000b80   0x00000036   Code   RO           83    .text.SystemInit    system_armcm4.o
    0x00000bb6   0x00000bb6   0x00000002   PAD
    0x00000bb8   0x00000bb8   0x00000034   Code   RO           47    Module11Code        module11.o
    0x00000bec   0x00000bec   0x00000040   Code   RO            4    Module1_Code        module1.o
    0x00000c2c   0x00000c2c   0x00000050   Code   RO           10    Module2_Code        module2.o
    0x00000c7c   0x00000c7c   0x000000a0   Code   RO           62    Module3_Code        module3.o
    0x00000d1c   0x00000d1c   0x0000004c   Code   RO           14    Module4_Code        module4.o
    0x00000d68   0x00000d68   0x00000024   Code   RO           18    Module5_Code        module5.o
    0x00000d8c   0x00000d8c   0x00000024   Code   RO           22    Module6_Code        module6.o
    0x00000db0   0x00000db0   0x0000003c   Code   RO           26    Module7_Code        module7.o
    0x00000dec   0x00000dec   0x00000040   Code   RO           30    Module8_Code        module8.o
    0x00000e2c   0x00000e2c   0x0000006c   Code   RO           38    Module9Code         module9.o
    0x00000e98   0x00000e98   0x0000035c   Code   RO           34    main_code           main.o
    0x000011f4   0x000011f4   0x0000001a   Code   RO          199    x$fpl$fpinit        fz_wm.l(fpinit.o)
    0x0000120e   0x0000120e   0x00000002   PAD
    0x00001210   0x00001210   0x00000010   Data   RO          271    Region$$Table       anon$$obj.o


    Execution Region RW_NOINIT (Exec base: 0x20000000, Load base: 0x00001220, Size: 0x00000000, Max: 0x0003f200, ABSOLUTE, UNINIT)

    **** No section assigned to this execution region ****


    Execution Region RW_RAM (Exec base: 0x20000000, Load base: 0x00001220, Size: 0x00000e10, Max: 0x0003f200, ABSOLUTE, COMPRESSED[0x000002cc])

    Exec Addr    Load Addr    Size         Type   Attr      Idx    E Section Name        Object

    0x20000000   COMPRESSED   0x00000004   Data   RW           85    .data.SystemCoreClock  system_armcm4.o
    0x20000004   COMPRESSED   0x00000910   Data   RW            3    PatientData         data.o
    0x20000914   COMPRESSED   0x000004fa   Data   RW           42    module10_data       module10.o


    Execution Region ARM_LIB_HEAP (Exec base: 0x20000e10, Load base: 0x000014ec, Size: 0x00000c00, Max: 0x00000c00, ABSOLUTE)

    Exec Addr    Load Addr    Size         Type   Attr      Idx    E Section Name        Object

    0x20000e10        -       0x00000c00   Zero   RW            1    ARM_LIB_HEAP.bss    anon$$obj.o


    Execution Region ARM_LIB_STACK (Exec base: 0x2003fe00, Load base: 0x000014ec, Size: 0x00000200, Max: 0x00000200, ABSOLUTE)

    Exec Addr    Load Addr    Size         Type   Attr      Idx    E Section Name        Object

    0x2003fe00        -       0x00000200   Zero   RW            2    ARM_LIB_STACK.bss   anon$$obj.o


==============================================================================

Image component sizes


      Code (inc. data)   RO Data    RW Data    ZI Data      Debug   Object Name

         0          0          0       2320          0          0   data.o
       860         48          0          0          0        588   main.o
        66          0          0          0          0        675   main_1.o
        64          2          0          0          0        416   module1.o
      1096        164          0       1274          0       1012   module10.o
        52         10          0          0          0        600   module11.o
        80         18          0          0          0        376   module2.o
       160          4          0          0          0        452   module3.o
        76          4          0          0          0        388   module4.o
        36          4          0          0          0        364   module5.o
        36          2          0          0          0        360   module6.o
        60          0          0          0          0        376   module7.o
        64          0          0          0          0        368   module8.o
       108          2          0          0          0        396   module9.o
        16          0        960          0          0        863   startup_armcm4.o
        54          0          0          4          0       1496   system_armcm4.o

    ----------------------------------------------------------------------
      2832        258        976       3600       3584       8730   Object Totals
         0          0         16          0       3584          0   (incl. Generated)
         4          0          0          2          0          0   (incl. Padding)

    ----------------------------------------------------------------------

      Code (inc. data)   RO Data    RW Data    ZI Data      Debug   Library Member Name

       100          0          0          0          0          0   __dclz77c.o
         8          0          0          0          0         68   __main.o
         0          0          0          0          0          0   __rtentry.o
        12          0          0          0          0          0   __rtentry2.o
         8          4          0          0          0          0   __rtentry7.o
        94          8          0          0          0          0   __scatter.o
       302          0          0          0          0        168   _get_argv_nomalloc.o
         4          0          0          0          0         68   argv_veneer.o
        10          0          0          0          0         68   defsig_exit.o
        50          0          0          0          0         88   defsig_general.o
        80         58          0          0          0         76   defsig_rtmem_inner.o
        14          0          0          0          0         80   defsig_rtmem_outer.o
        18          0          0          0          0         80   exit.o
         4          0          0          0          0        136   hrguard.o
         0          0          0          0          0          0   indicate_semi.o
         2          0          0          0          0          0   libinit.o
         6          0          0          0          0          0   libinit2.o
        20          8          0          0          0          0   libinit5.o
         2          0          0          0          0          0   libshutdown.o
         2          0          0          0          0          0   libshutdown2.o
         2          0          0          0          0          0   rtexit.o
        10          0          0          0          0          0   rtexit2.o
        24          0          0          0          0         76   sys_command.o
        12          4          0          0          0         68   sys_exit.o
        14          0          0          0          0         76   sys_wrch.o
         2          0          0          0          0         68   use_no_semi.o
        26          0          0          0          0        116   fpinit.o

    ----------------------------------------------------------------------
       832         82          0          0          0       1236   Library Totals
         6          0          0          0          0          0   (incl. Padding)

    ----------------------------------------------------------------------

      Code (inc. data)   RO Data    RW Data    ZI Data      Debug   Library Name

       800         82          0          0          0       1120   c_w.l
        26          0          0          0          0        116   fz_wm.l

    ----------------------------------------------------------------------
       832         82          0          0          0       1236   Library Totals

    ----------------------------------------------------------------------

==============================================================================


      Code (inc. data)   RO Data    RW Data    ZI Data      Debug   

      3664        340        976       3600       3584       8358   Grand Totals
      3664        340        976        716       3584       8358   ELF Image Totals (compressed)
      3664        340        976        716          0          0   ROM Totals

==============================================================================

    Total RO  Size (Code + RO Data)                 4640 (   4.53kB)
    Total RW  Size (RW Data + ZI Data)              7184 (   7.02kB)
    Total ROM Size (Code + RO Data + RW Data)       5356 (   5.23kB)

==============================================================================

